
/home/runner/work/exp-planck-constant-iitk/exp-planck-constant-iitk/experiment/simulation/js/bootstrap.min.js
  6:71     warning  'exports' is not defined                                                   no-undef
  6:79     warning  'require' is not defined                                                   no-undef
  6:97     warning  'require' is not defined                                                   no-undef
  6:146    warning  'define' is not defined                                                    no-undef
  6:157    warning  'define' is not defined                                                    no-undef
  6:939    warning  Do not access Object.prototype method 'hasOwnProperty' from target object  no-prototype-builtins
  6:984    warning  Do not access Object.prototype method 'hasOwnProperty' from target object  no-prototype-builtins
  6:34608  warning  'e' is defined but never used                                              no-unused-vars

/home/runner/work/exp-planck-constant-iitk/exp-planck-constant-iitk/experiment/simulation/js/graph.ob.js
  1:745  warning  'b' is already defined  no-redeclare

/home/runner/work/exp-planck-constant-iitk/exp-planck-constant-iitk/experiment/simulation/js/graph_use.ob.js
   3:10  warning  'drawgraph' is defined but never used  no-unused-vars
  25:22  warning  'CanvasJS' is not defined              no-undef

/home/runner/work/exp-planck-constant-iitk/exp-planck-constant-iitk/experiment/simulation/js/graph_use2.ob.js
  1:100  warning  'drawgraph2' is defined but never used  no-unused-vars
  1:193  warning  'CanvasJS' is not defined               no-undef

/home/runner/work/exp-planck-constant-iitk/exp-planck-constant-iitk/experiment/simulation/js/javascript.js
     4:10  warning  'main' is defined but never used             no-unused-vars
     5:5   warning  'btn_main' is not defined                    no-undef
     6:5   warning  'btn_main2' is not defined                   no-undef
    16:10  warning  'main2' is defined but never used            no-unused-vars
    17:5   warning  'btn_main2' is not defined                   no-undef
    18:5   warning  'btn_main' is not defined                    no-undef
    48:10  warning  'connect_wire' is defined but never used     no-unused-vars
    53:10  warning  'cl2' is defined but never used              no-unused-vars
   134:13  warning  'canvas' is not defined                      no-undef
   135:13  warning  'canvas' is not defined                      no-undef
   136:13  warning  'canvas' is not defined                      no-undef
   137:13  warning  'canvas' is not defined                      no-undef
   138:13  warning  'canvas' is not defined                      no-undef
   139:13  warning  'canvas' is not defined                      no-undef
   141:13  warning  'canvas' is not defined                      no-undef
   142:13  warning  'canvas' is not defined                      no-undef
   143:13  warning  'canvas' is not defined                      no-undef
   145:13  warning  'canvas' is not defined                      no-undef
   146:13  warning  'canvas' is not defined                      no-undef
   158:44  warning  Empty block statement                        no-empty
   160:16  warning  Empty block statement                        no-empty
   186:9   warning  'canvas' is not defined                      no-undef
   187:9   warning  'canvas' is not defined                      no-undef
   188:9   warning  'canvas' is not defined                      no-undef
   189:9   warning  'canvas' is not defined                      no-undef
   191:13  warning  'canvas' is not defined                      no-undef
   192:13  warning  'canvas' is not defined                      no-undef
   194:13  warning  'canvas' is not defined                      no-undef
   196:9   warning  'canvas' is not defined                      no-undef
   197:9   warning  'canvas' is not defined                      no-undef
   199:9   warning  'canvas' is not defined                      no-undef
   200:9   warning  'canvas' is not defined                      no-undef
   201:9   warning  'canvas' is not defined                      no-undef
   202:9   warning  'canvas' is not defined                      no-undef
   203:9   warning  'canvas' is not defined                      no-undef
   205:9   warning  'canvas' is not defined                      no-undef
   206:9   warning  'canvas' is not defined                      no-undef
   207:9   warning  'canvas' is not defined                      no-undef
   208:9   warning  'canvas' is not defined                      no-undef
   209:9   warning  'canvas' is not defined                      no-undef
   218:28  warning  'canvas' is not defined                      no-undef
   219:30  warning  'canvas' is not defined                      no-undef
   220:30  warning  'canvas' is not defined                      no-undef
   225:9   warning  'canvas' is not defined                      no-undef
   228:31  warning  'x' is defined but never used                no-unused-vars
   228:34  warning  'y' is defined but never used                no-unused-vars
   238:28  warning  'canvas' is not defined                      no-undef
   239:30  warning  'canvas' is not defined                      no-undef
   240:30  warning  'canvas' is not defined                      no-undef
   246:9   warning  'canvas' is not defined                      no-undef
   249:9   warning  'canvas' is not defined                      no-undef
   251:9   warning  'canvas' is not defined                      no-undef
   252:9   warning  'canvas' is not defined                      no-undef
   253:9   warning  'canvas' is not defined                      no-undef
   254:9   warning  'canvas' is not defined                      no-undef
   255:9   warning  'canvas' is not defined                      no-undef
   256:9   warning  'canvas' is not defined                      no-undef
   257:9   warning  'canvas' is not defined                      no-undef
   258:9   warning  'canvas' is not defined                      no-undef
   260:9   warning  'canvas' is not defined                      no-undef
   261:9   warning  'canvas' is not defined                      no-undef
   262:9   warning  'canvas' is not defined                      no-undef
   263:9   warning  'canvas' is not defined                      no-undef
   264:9   warning  'canvas' is not defined                      no-undef
   265:9   warning  'canvas' is not defined                      no-undef
   266:9   warning  'canvas' is not defined                      no-undef
   267:9   warning  'canvas' is not defined                      no-undef
   268:9   warning  'canvas' is not defined                      no-undef
   269:9   warning  'canvas' is not defined                      no-undef
   270:9   warning  'canvas' is not defined                      no-undef
   271:9   warning  'canvas' is not defined                      no-undef
   273:9   warning  'canvas' is not defined                      no-undef
   274:9   warning  'canvas' is not defined                      no-undef
   275:9   warning  'canvas' is not defined                      no-undef
   276:9   warning  'canvas' is not defined                      no-undef
   277:9   warning  'canvas' is not defined                      no-undef
   278:9   warning  'canvas' is not defined                      no-undef
   279:9   warning  'canvas' is not defined                      no-undef
   280:9   warning  'canvas' is not defined                      no-undef
   281:9   warning  'canvas' is not defined                      no-undef
   282:9   warning  'canvas' is not defined                      no-undef
   284:9   warning  'canvas' is not defined                      no-undef
   285:9   warning  'canvas' is not defined                      no-undef
   286:9   warning  'canvas' is not defined                      no-undef
   287:9   warning  'canvas' is not defined                      no-undef
   288:9   warning  'canvas' is not defined                      no-undef
   289:9   warning  'canvas' is not defined                      no-undef
   290:9   warning  'canvas' is not defined                      no-undef
   291:9   warning  'canvas' is not defined                      no-undef
   292:9   warning  'canvas' is not defined                      no-undef
   293:9   warning  'canvas' is not defined                      no-undef
   295:9   warning  'canvas' is not defined                      no-undef
   296:9   warning  'canvas' is not defined                      no-undef
   297:9   warning  'canvas' is not defined                      no-undef
   298:9   warning  'canvas' is not defined                      no-undef
   299:9   warning  'canvas' is not defined                      no-undef
   300:9   warning  'canvas' is not defined                      no-undef
   301:9   warning  'canvas' is not defined                      no-undef
   302:9   warning  'canvas' is not defined                      no-undef
   303:9   warning  'canvas' is not defined                      no-undef
   304:9   warning  'canvas' is not defined                      no-undef
   306:9   warning  'canvas' is not defined                      no-undef
   307:9   warning  'canvas' is not defined                      no-undef
   308:9   warning  'canvas' is not defined                      no-undef
   309:9   warning  'canvas' is not defined                      no-undef
   310:9   warning  'canvas' is not defined                      no-undef
   311:9   warning  'canvas' is not defined                      no-undef
   312:9   warning  'canvas' is not defined                      no-undef
   313:9   warning  'canvas' is not defined                      no-undef
   314:9   warning  'canvas' is not defined                      no-undef
   315:9   warning  'canvas' is not defined                      no-undef
   317:9   warning  'canvas' is not defined                      no-undef
   318:9   warning  'canvas' is not defined                      no-undef
   319:9   warning  'canvas' is not defined                      no-undef
   320:9   warning  'canvas' is not defined                      no-undef
   321:9   warning  'canvas' is not defined                      no-undef
   322:9   warning  'canvas' is not defined                      no-undef
   323:9   warning  'canvas' is not defined                      no-undef
   324:9   warning  'canvas' is not defined                      no-undef
   325:9   warning  'canvas' is not defined                      no-undef
   326:9   warning  'canvas' is not defined                      no-undef
   328:9   warning  'canvas' is not defined                      no-undef
   329:9   warning  'canvas' is not defined                      no-undef
   330:9   warning  'canvas' is not defined                      no-undef
   331:9   warning  'canvas' is not defined                      no-undef
   332:9   warning  'canvas' is not defined                      no-undef
   333:9   warning  'canvas' is not defined                      no-undef
   334:9   warning  'canvas' is not defined                      no-undef
   335:9   warning  'canvas' is not defined                      no-undef
   336:9   warning  'canvas' is not defined                      no-undef
   337:9   warning  'canvas' is not defined                      no-undef
   339:9   warning  'canvas' is not defined                      no-undef
   340:9   warning  'canvas' is not defined                      no-undef
   341:9   warning  'canvas' is not defined                      no-undef
   342:9   warning  'canvas' is not defined                      no-undef
   343:9   warning  'canvas' is not defined                      no-undef
   344:9   warning  'canvas' is not defined                      no-undef
   345:9   warning  'canvas' is not defined                      no-undef
   346:9   warning  'canvas' is not defined                      no-undef
   347:9   warning  'canvas' is not defined                      no-undef
   348:9   warning  'canvas' is not defined                      no-undef
   350:9   warning  'canvas' is not defined                      no-undef
   351:9   warning  'canvas' is not defined                      no-undef
   352:9   warning  'canvas' is not defined                      no-undef
   353:9   warning  'canvas' is not defined                      no-undef
   354:9   warning  'canvas' is not defined                      no-undef
   355:9   warning  'canvas' is not defined                      no-undef
   356:9   warning  'canvas' is not defined                      no-undef
   357:9   warning  'canvas' is not defined                      no-undef
   358:9   warning  'canvas' is not defined                      no-undef
   359:9   warning  'canvas' is not defined                      no-undef
   361:9   warning  'canvas' is not defined                      no-undef
   362:9   warning  'canvas' is not defined                      no-undef
   363:9   warning  'canvas' is not defined                      no-undef
   364:9   warning  'canvas' is not defined                      no-undef
   365:9   warning  'canvas' is not defined                      no-undef
   366:9   warning  'canvas' is not defined                      no-undef
   367:9   warning  'canvas' is not defined                      no-undef
   368:9   warning  'canvas' is not defined                      no-undef
   369:9   warning  'canvas' is not defined                      no-undef
   370:9   warning  'canvas' is not defined                      no-undef
   372:9   warning  'canvas' is not defined                      no-undef
   373:9   warning  'canvas' is not defined                      no-undef
   374:9   warning  'canvas' is not defined                      no-undef
   392:9   warning  'canvas' is not defined                      no-undef
   402:24  warning  'canvas' is not defined                      no-undef
   403:24  warning  'canvas' is not defined                      no-undef
   407:9   warning  'canvas' is not defined                      no-undef
   408:9   warning  'canvas' is not defined                      no-undef
   410:9   warning  'canvas' is not defined                      no-undef
   411:9   warning  'canvas' is not defined                      no-undef
   412:9   warning  'canvas' is not defined                      no-undef
   413:9   warning  'canvas' is not defined                      no-undef
   414:9   warning  'canvas' is not defined                      no-undef
   416:9   warning  'canvas' is not defined                      no-undef
   417:9   warning  'canvas' is not defined                      no-undef
   418:9   warning  'canvas' is not defined                      no-undef
   419:9   warning  'canvas' is not defined                      no-undef
   420:9   warning  'canvas' is not defined                      no-undef
   422:9   warning  'canvas' is not defined                      no-undef
   423:9   warning  'canvas' is not defined                      no-undef
   424:9   warning  'canvas' is not defined                      no-undef
   425:9   warning  'canvas' is not defined                      no-undef
   426:9   warning  'canvas' is not defined                      no-undef
   428:9   warning  'canvas' is not defined                      no-undef
   429:9   warning  'canvas' is not defined                      no-undef
   430:9   warning  'canvas' is not defined                      no-undef
   431:9   warning  'canvas' is not defined                      no-undef
   432:9   warning  'canvas' is not defined                      no-undef
   434:9   warning  'canvas' is not defined                      no-undef
   435:9   warning  'canvas' is not defined                      no-undef
   436:9   warning  'canvas' is not defined                      no-undef
   437:9   warning  'canvas' is not defined                      no-undef
   438:9   warning  'canvas' is not defined                      no-undef
   440:9   warning  'canvas' is not defined                      no-undef
   441:9   warning  'canvas' is not defined                      no-undef
   442:9   warning  'canvas' is not defined                      no-undef
   443:9   warning  'canvas' is not defined                      no-undef
   444:9   warning  'canvas' is not defined                      no-undef
   461:24  warning  'canvas' is not defined                      no-undef
   462:24  warning  'canvas' is not defined                      no-undef
   465:9   warning  'canvas' is not defined                      no-undef
   466:9   warning  'canvas' is not defined                      no-undef
   467:9   warning  'canvas' is not defined                      no-undef
   468:9   warning  'canvas' is not defined                      no-undef
   469:9   warning  'canvas' is not defined                      no-undef
   470:9   warning  'canvas' is not defined                      no-undef
   472:9   warning  'canvas' is not defined                      no-undef
   473:9   warning  'canvas' is not defined                      no-undef
   474:9   warning  'canvas' is not defined                      no-undef
   475:9   warning  'canvas' is not defined                      no-undef
   476:9   warning  'canvas' is not defined                      no-undef
   477:9   warning  'canvas' is not defined                      no-undef
   479:9   warning  'canvas' is not defined                      no-undef
   480:9   warning  'canvas' is not defined                      no-undef
   481:9   warning  'canvas' is not defined                      no-undef
   482:9   warning  'canvas' is not defined                      no-undef
   483:9   warning  'canvas' is not defined                      no-undef
   484:9   warning  'canvas' is not defined                      no-undef
   486:9   warning  'canvas' is not defined                      no-undef
   487:9   warning  'canvas' is not defined                      no-undef
   488:9   warning  'canvas' is not defined                      no-undef
   489:9   warning  'canvas' is not defined                      no-undef
   490:9   warning  'canvas' is not defined                      no-undef
   491:9   warning  'canvas' is not defined                      no-undef
   493:9   warning  'canvas' is not defined                      no-undef
   494:9   warning  'canvas' is not defined                      no-undef
   495:9   warning  'canvas' is not defined                      no-undef
   496:9   warning  'canvas' is not defined                      no-undef
   497:9   warning  'canvas' is not defined                      no-undef
   498:9   warning  'canvas' is not defined                      no-undef
   500:9   warning  'canvas' is not defined                      no-undef
   501:9   warning  'canvas' is not defined                      no-undef
   502:9   warning  'canvas' is not defined                      no-undef
   503:9   warning  'canvas' is not defined                      no-undef
   504:9   warning  'canvas' is not defined                      no-undef
   505:9   warning  'canvas' is not defined                      no-undef
   530:24  warning  'canvas' is not defined                      no-undef
   531:24  warning  'canvas' is not defined                      no-undef
   534:9   warning  'canvas' is not defined                      no-undef
   535:9   warning  'canvas' is not defined                      no-undef
   538:13  warning  'canvas' is not defined                      no-undef
   540:13  warning  'canvas' is not defined                      no-undef
   541:13  warning  'canvas' is not defined                      no-undef
   542:13  warning  'canvas' is not defined                      no-undef
   545:9   warning  'canvas' is not defined                      no-undef
   546:9   warning  'canvas' is not defined                      no-undef
   547:9   warning  'canvas' is not defined                      no-undef
   549:9   warning  'canvas' is not defined                      no-undef
   550:9   warning  'canvas' is not defined                      no-undef
   551:9   warning  'canvas' is not defined                      no-undef
   552:9   warning  'canvas' is not defined                      no-undef
   554:9   warning  'canvas' is not defined                      no-undef
   555:9   warning  'canvas' is not defined                      no-undef
   556:9   warning  'canvas' is not defined                      no-undef
   557:9   warning  'canvas' is not defined                      no-undef
   565:9   warning  'canvas' is not defined                      no-undef
   578:24  warning  'canvas' is not defined                      no-undef
   579:24  warning  'canvas' is not defined                      no-undef
   584:9   warning  'canvas' is not defined                      no-undef
   585:9   warning  'canvas' is not defined                      no-undef
   586:9   warning  'canvas' is not defined                      no-undef
   587:9   warning  'canvas' is not defined                      no-undef
   588:9   warning  'canvas' is not defined                      no-undef
   589:9   warning  'canvas' is not defined                      no-undef
   591:9   warning  'canvas' is not defined                      no-undef
   592:9   warning  'canvas' is not defined                      no-undef
   593:9   warning  'canvas' is not defined                      no-undef
   594:9   warning  'canvas' is not defined                      no-undef
   595:9   warning  'canvas' is not defined                      no-undef
   596:9   warning  'canvas' is not defined                      no-undef
   598:9   warning  'canvas' is not defined                      no-undef
   599:9   warning  'canvas' is not defined                      no-undef
   600:9   warning  'canvas' is not defined                      no-undef
   601:9   warning  'canvas' is not defined                      no-undef
   602:9   warning  'canvas' is not defined                      no-undef
   603:9   warning  'canvas' is not defined                      no-undef
   605:9   warning  'canvas' is not defined                      no-undef
   606:9   warning  'canvas' is not defined                      no-undef
   607:9   warning  'canvas' is not defined                      no-undef
   622:24  warning  'canvas' is not defined                      no-undef
   623:24  warning  'canvas' is not defined                      no-undef
   624:24  warning  'canvas' is not defined                      no-undef
   630:9   warning  'canvas' is not defined                      no-undef
   631:9   warning  'canvas' is not defined                      no-undef
   632:9   warning  'canvas' is not defined                      no-undef
   633:9   warning  'canvas' is not defined                      no-undef
   634:9   warning  'canvas' is not defined                      no-undef
   635:9   warning  'canvas' is not defined                      no-undef
   637:9   warning  'canvas' is not defined                      no-undef
   638:9   warning  'canvas' is not defined                      no-undef
   639:9   warning  'canvas' is not defined                      no-undef
   640:9   warning  'canvas' is not defined                      no-undef
   641:9   warning  'canvas' is not defined                      no-undef
   642:9   warning  'canvas' is not defined                      no-undef
   644:9   warning  'canvas' is not defined                      no-undef
   645:9   warning  'canvas' is not defined                      no-undef
   646:9   warning  'canvas' is not defined                      no-undef
   647:9   warning  'canvas' is not defined                      no-undef
   648:9   warning  'canvas' is not defined                      no-undef
   649:9   warning  'canvas' is not defined                      no-undef
   651:9   warning  'canvas' is not defined                      no-undef
   652:9   warning  'canvas' is not defined                      no-undef
   653:9   warning  'canvas' is not defined                      no-undef
   674:24  warning  'canvas' is not defined                      no-undef
   675:24  warning  'canvas' is not defined                      no-undef
   677:9   warning  'canvas' is not defined                      no-undef
   678:9   warning  'canvas' is not defined                      no-undef
   679:9   warning  'canvas' is not defined                      no-undef
   680:9   warning  'canvas' is not defined                      no-undef
   681:9   warning  'canvas' is not defined                      no-undef
   682:9   warning  'canvas' is not defined                      no-undef
   694:34  warning  Empty block statement                        no-empty
   703:5   warning  'Canvas' is assigned a value but never used  no-unused-vars
   707:19  warning  'h' is not defined                           no-undef
   718:38  warning  'canvas' is not defined                      no-undef
   718:52  warning  'canvas' is not defined                      no-undef
   739:9   warning  'terminal' is not defined                    no-undef
   742:13  warning  'canvas' is not defined                      no-undef
   743:13  warning  'canvas' is not defined                      no-undef
   743:35  warning  'canvas' is not defined                      no-undef
   744:13  warning  'canvas' is not defined                      no-undef
   745:13  warning  'terminal' is not defined                    no-undef
   749:13  warning  'canvas' is not defined                      no-undef
   750:13  warning  'canvas' is not defined                      no-undef
   750:33  warning  'canvas' is not defined                      no-undef
   751:13  warning  'canvas' is not defined                      no-undef
   752:13  warning  'terminal' is not defined                    no-undef
   756:29  warning  'buttons' is not defined                     no-undef
   757:31  warning  'buttons' is not defined                     no-undef
   761:9   warning  'terminal' is not defined                    no-undef
   765:29  warning  'buttons' is not defined                     no-undef
   766:31  warning  'buttons' is not defined                     no-undef
   770:9   warning  'terminal' is not defined                    no-undef
   778:5   warning  'canvas' is not defined                      no-undef
   796:25  warning  'buttons' is not defined                     no-undef
   797:9   warning  'buttons' is not defined                     no-undef
   802:21  warning  'canvas' is not defined                      no-undef
   805:21  warning  'canvas' is not defined                      no-undef
   808:21  warning  'canvas' is not defined                      no-undef
   811:21  warning  'canvas' is not defined                      no-undef
   814:21  warning  'canvas' is not defined                      no-undef
   817:21  warning  'canvas' is not defined                      no-undef
   820:21  warning  'canvas' is not defined                      no-undef
   823:21  warning  'canvas' is not defined                      no-undef
   826:21  warning  'canvas' is not defined                      no-undef
   829:21  warning  'canvas' is not defined                      no-undef
   832:21  warning  'canvas' is not defined                      no-undef
   835:21  warning  'canvas' is not defined                      no-undef
   838:21  warning  'canvas' is not defined                      no-undef
   841:21  warning  'canvas' is not defined                      no-undef
   844:21  warning  'canvas' is not defined                      no-undef
   855:17  warning  'canvas' is not defined                      no-undef
   858:17  warning  'canvas' is not defined                      no-undef
   868:13  warning  'canvas' is not defined                      no-undef
   869:13  warning  'canvas' is not defined                      no-undef
   869:43  warning  'canvas' is not defined                      no-undef
   870:13  warning  'canvas' is not defined                      no-undef
   871:20  warning  'canvas' is not defined                      no-undef
   872:34  warning  'canvas' is not defined                      no-undef
   873:13  warning  'canvas' is not defined                      no-undef
   874:20  warning  'canvas' is not defined                      no-undef
   876:13  warning  'canvas' is not defined                      no-undef
   877:13  warning  'canvas' is not defined                      no-undef
   879:20  warning  'canvas' is not defined                      no-undef
   880:17  warning  'temp' is already defined                    no-redeclare
   881:13  warning  'canvas' is not defined                      no-undef
   882:13  warning  'canvas' is not defined                      no-undef
   883:20  warning  'canvas' is not defined                      no-undef
   886:17  warning  'canvas' is not defined                      no-undef
   887:17  warning  'canvas' is not defined                      no-undef
   891:20  warning  'canvas' is not defined                      no-undef
   892:17  warning  'temp' is already defined                    no-redeclare
   893:13  warning  'canvas' is not defined                      no-undef
   894:13  warning  'canvas' is not defined                      no-undef
   895:20  warning  'canvas' is not defined                      no-undef
   896:13  warning  'canvas' is not defined                      no-undef
   897:13  warning  'canvas' is not defined                      no-undef
   898:20  warning  'canvas' is not defined                      no-undef
   899:13  warning  'canvas' is not defined                      no-undef
   900:13  warning  'canvas' is not defined                      no-undef
   901:20  warning  'canvas' is not defined                      no-undef
   902:13  warning  'canvas' is not defined                      no-undef
   903:13  warning  'canvas' is not defined                      no-undef
   904:20  warning  'canvas' is not defined                      no-undef
   906:17  warning  'temp' is already defined                    no-redeclare
   907:13  warning  'canvas' is not defined                      no-undef
   908:13  warning  'canvas' is not defined                      no-undef
   911:13  warning  'canvas' is not defined                      no-undef
   911:62  warning  Empty block statement                        no-empty
   914:17  warning  'canvas' is not defined                      no-undef
   915:5   warning  'canvas' is not defined                      no-undef
   924:21  warning  'canvas' is not defined                      no-undef
   925:13  warning  'canvas' is not defined                      no-undef
   926:17  warning  'canvas' is not defined                      no-undef
   927:17  warning  'canvas' is not defined                      no-undef
   927:41  warning  'canvas' is not defined                      no-undef
   928:33  warning  'canvas' is not defined                      no-undef
   928:64  warning  'canvas' is not defined                      no-undef
   931:17  warning  'canvas' is not defined                      no-undef
   932:17  warning  'canvas' is not defined                      no-undef
   934:20  warning  'canvas' is not defined                      no-undef
   935:17  warning  'canvas' is not defined                      no-undef
   936:17  warning  'canvas' is not defined                      no-undef
   936:41  warning  'canvas' is not defined                      no-undef
   937:33  warning  'canvas' is not defined                      no-undef
   937:64  warning  'canvas' is not defined                      no-undef
   939:24  warning  'canvas' is not defined                      no-undef
   940:17  warning  'canvas' is not defined                      no-undef
   940:41  warning  'canvas' is not defined                      no-undef
   941:33  warning  'canvas' is not defined                      no-undef
   941:64  warning  'canvas' is not defined                      no-undef
   943:24  warning  'canvas' is not defined                      no-undef
   944:17  warning  'canvas' is not defined                      no-undef
   944:41  warning  'canvas' is not defined                      no-undef
   945:33  warning  'canvas' is not defined                      no-undef
   945:64  warning  'canvas' is not defined                      no-undef
   948:17  warning  'canvas' is not defined                      no-undef
   949:17  warning  'canvas' is not defined                      no-undef
   951:17  warning  'canvas' is not defined                      no-undef
   952:17  warning  'canvas' is not defined                      no-undef
   952:41  warning  'canvas' is not defined                      no-undef
   956:17  warning  'canvas' is not defined                      no-undef
   957:17  warning  'canvas' is not defined                      no-undef
   959:20  warning  'canvas' is not defined                      no-undef
   960:17  warning  'canvas' is not defined                      no-undef
   961:17  warning  'canvas' is not defined                      no-undef
   961:41  warning  'canvas' is not defined                      no-undef
   962:33  warning  'canvas' is not defined                      no-undef
   962:64  warning  'canvas' is not defined                      no-undef
   964:24  warning  'canvas' is not defined                      no-undef
   965:17  warning  'canvas' is not defined                      no-undef
   965:41  warning  'canvas' is not defined                      no-undef
   966:33  warning  'canvas' is not defined                      no-undef
   966:64  warning  'canvas' is not defined                      no-undef
   969:17  warning  'canvas' is not defined                      no-undef
   970:17  warning  'canvas' is not defined                      no-undef
   972:17  warning  'canvas' is not defined                      no-undef
   973:17  warning  'canvas' is not defined                      no-undef
   973:41  warning  'canvas' is not defined                      no-undef
   977:17  warning  'canvas' is not defined                      no-undef
   978:17  warning  'canvas' is not defined                      no-undef
   980:20  warning  'canvas' is not defined                      no-undef
   981:17  warning  'canvas' is not defined                      no-undef
   982:17  warning  'canvas' is not defined                      no-undef
   982:41  warning  'canvas' is not defined                      no-undef
   983:33  warning  'canvas' is not defined                      no-undef
   983:64  warning  'canvas' is not defined                      no-undef
   985:24  warning  'canvas' is not defined                      no-undef
   986:17  warning  'canvas' is not defined                      no-undef
   986:41  warning  'canvas' is not defined                      no-undef
   987:33  warning  'canvas' is not defined                      no-undef
   987:64  warning  'canvas' is not defined                      no-undef
   990:17  warning  'canvas' is not defined                      no-undef
   991:17  warning  'canvas' is not defined                      no-undef
   993:17  warning  'canvas' is not defined                      no-undef
   994:17  warning  'canvas' is not defined                      no-undef
   994:41  warning  'canvas' is not defined                      no-undef
   998:17  warning  'canvas' is not defined                      no-undef
   999:17  warning  'canvas' is not defined                      no-undef
  1001:20  warning  'canvas' is not defined                      no-undef
  1002:17  warning  'canvas' is not defined                      no-undef
  1003:17  warning  'canvas' is not defined                      no-undef
  1003:41  warning  'canvas' is not defined                      no-undef
  1004:33  warning  'canvas' is not defined                      no-undef
  1004:64  warning  'canvas' is not defined                      no-undef
  1006:24  warning  'canvas' is not defined                      no-undef
  1007:17  warning  'canvas' is not defined                      no-undef
  1007:41  warning  'canvas' is not defined                      no-undef
  1008:33  warning  'canvas' is not defined                      no-undef
  1008:64  warning  'canvas' is not defined                      no-undef
  1011:17  warning  'canvas' is not defined                      no-undef
  1012:17  warning  'canvas' is not defined                      no-undef
  1014:17  warning  'canvas' is not defined                      no-undef
  1015:17  warning  'canvas' is not defined                      no-undef
  1015:41  warning  'canvas' is not defined                      no-undef
  1019:17  warning  'canvas' is not defined                      no-undef
  1020:17  warning  'canvas' is not defined                      no-undef
  1022:20  warning  'canvas' is not defined                      no-undef
  1023:17  warning  'canvas' is not defined                      no-undef
  1024:17  warning  'canvas' is not defined                      no-undef
  1024:41  warning  'canvas' is not defined                      no-undef
  1025:33  warning  'canvas' is not defined                      no-undef
  1025:64  warning  'canvas' is not defined                      no-undef
  1027:24  warning  'canvas' is not defined                      no-undef
  1028:17  warning  'canvas' is not defined                      no-undef
  1028:41  warning  'canvas' is not defined                      no-undef
  1029:33  warning  'canvas' is not defined                      no-undef
  1029:64  warning  'canvas' is not defined                      no-undef
  1031:24  warning  'canvas' is not defined                      no-undef
  1032:17  warning  'canvas' is not defined                      no-undef
  1032:41  warning  'canvas' is not defined                      no-undef
  1033:33  warning  'canvas' is not defined                      no-undef
  1033:64  warning  'canvas' is not defined                      no-undef
  1036:17  warning  'canvas' is not defined                      no-undef
  1037:17  warning  'canvas' is not defined                      no-undef
  1039:17  warning  'canvas' is not defined                      no-undef
  1040:17  warning  'canvas' is not defined                      no-undef
  1040:41  warning  'canvas' is not defined                      no-undef
  1044:17  warning  'canvas' is not defined                      no-undef
  1045:17  warning  'canvas' is not defined                      no-undef
  1047:20  warning  'canvas' is not defined                      no-undef
  1048:17  warning  'canvas' is not defined                      no-undef
  1049:17  warning  'canvas' is not defined                      no-undef
  1049:41  warning  'canvas' is not defined                      no-undef
  1050:33  warning  'canvas' is not defined                      no-undef
  1050:64  warning  'canvas' is not defined                      no-undef
  1052:24  warning  'canvas' is not defined                      no-undef
  1053:17  warning  'canvas' is not defined                      no-undef
  1053:41  warning  'canvas' is not defined                      no-undef
  1054:33  warning  'canvas' is not defined                      no-undef
  1054:64  warning  'canvas' is not defined                      no-undef
  1057:17  warning  'canvas' is not defined                      no-undef
  1058:17  warning  'canvas' is not defined                      no-undef
  1060:17  warning  'canvas' is not defined                      no-undef
  1061:17  warning  'canvas' is not defined                      no-undef
  1061:41  warning  'canvas' is not defined                      no-undef
  1065:17  warning  'canvas' is not defined                      no-undef
  1066:17  warning  'canvas' is not defined                      no-undef
  1068:20  warning  'canvas' is not defined                      no-undef
  1069:17  warning  'canvas' is not defined                      no-undef
  1070:17  warning  'canvas' is not defined                      no-undef
  1070:41  warning  'canvas' is not defined                      no-undef
  1071:33  warning  'canvas' is not defined                      no-undef
  1071:64  warning  'canvas' is not defined                      no-undef
  1073:24  warning  'canvas' is not defined                      no-undef
  1074:17  warning  'canvas' is not defined                      no-undef
  1074:41  warning  'canvas' is not defined                      no-undef
  1075:33  warning  'canvas' is not defined                      no-undef
  1075:64  warning  'canvas' is not defined                      no-undef
  1078:17  warning  'canvas' is not defined                      no-undef
  1079:17  warning  'canvas' is not defined                      no-undef
  1079:41  warning  'canvas' is not defined                      no-undef
  1083:17  warning  'canvas' is not defined                      no-undef
  1084:17  warning  'canvas' is not defined                      no-undef
  1098:9   warning  'canvas' is not defined                      no-undef
  1106:5   warning  'canvas' is not defined                      no-undef
  1107:5   warning  'canvas' is not defined                      no-undef
  1108:5   warning  'canvas' is not defined                      no-undef
  1109:5   warning  'canvas' is not defined                      no-undef
  1110:5   warning  'canvas' is not defined                      no-undef
  1121:25  warning  'canvas' is not defined                      no-undef
  1122:25  warning  'canvas' is not defined                      no-undef
  1137:10  warning  'cal_volt' is defined but never used         no-unused-vars

/home/runner/work/exp-planck-constant-iitk/exp-planck-constant-iitk/experiment/simulation/js/jquery.min.js
  2:71     warning  'module' is not defined                                                    no-undef
  2:86     warning  'module' is not defined                                                    no-undef
  2:5433   warning  Unexpected control character(s) in regular expression: \x1f, \x1f          no-control-regex
  2:5916   warning  Expected a conditional expression and instead saw an assignment            no-cond-assign
  2:6170   warning  Expected a conditional expression and instead saw an assignment            no-cond-assign
  2:6614   warning  Expected a conditional expression and instead saw an assignment            no-cond-assign
  2:7404   warning  Expected a conditional expression and instead saw an assignment            no-cond-assign
  2:9497   warning  Expected a conditional expression and instead saw an assignment            no-cond-assign
  2:9807   warning  Expected a conditional expression and instead saw an assignment            no-cond-assign
  2:11608  warning  Expected a conditional expression and instead saw an assignment            no-cond-assign
  2:12183  warning  Expected a conditional expression and instead saw an assignment            no-cond-assign
  2:12221  warning  Expected a conditional expression and instead saw an assignment            no-cond-assign
  2:13234  warning  Expected a conditional expression and instead saw an assignment            no-cond-assign
  2:13546  warning  Expected a conditional expression and instead saw an assignment            no-cond-assign
  2:15374  warning  Expected a conditional expression and instead saw an assignment            no-cond-assign
  2:15645  warning  Expected a conditional expression and instead saw an assignment            no-cond-assign
  2:15843  warning  Expected a conditional expression and instead saw an assignment            no-cond-assign
  2:16217  warning  Do not access Object.prototype method 'hasOwnProperty' from target object  no-prototype-builtins
  2:16907  warning  Expected a conditional expression and instead saw an assignment            no-cond-assign
  2:18727  warning  Expected a conditional expression and instead saw an assignment            no-cond-assign
  2:18827  warning  Expected a conditional expression and instead saw an assignment            no-cond-assign
  2:18887  warning  Expected a conditional expression and instead saw an assignment            no-cond-assign
  2:19071  warning  Expected a conditional expression and instead saw an assignment            no-cond-assign
  2:20240  warning  Expected a conditional expression and instead saw an assignment            no-cond-assign
  2:21514  warning  Expected a conditional expression and instead saw an assignment            no-cond-assign
  2:21625  warning  Expected a conditional expression and instead saw an assignment            no-cond-assign
  2:23791  warning  Unnecessary escape character: \/                                           no-useless-escape
  2:33395  warning  Empty block statement                                                      no-empty
  2:37269  warning  Unnecessary escape character: \/                                           no-useless-escape
  2:38490  warning  Expected a conditional expression and instead saw an assignment            no-cond-assign
  2:38606  warning  Expected a conditional expression and instead saw an assignment            no-cond-assign
  2:39234  warning  Empty block statement                                                      no-empty
  2:46727  warning  Unnecessary escape character: \/                                           no-useless-escape
  2:49033  warning  Expected a conditional expression and instead saw an assignment            no-cond-assign
  2:50593  warning  Empty block statement                                                      no-empty
  2:58406  warning  Expected a conditional expression and instead saw an assignment            no-cond-assign
  2:59575  warning  Expected a conditional expression and instead saw an assignment            no-cond-assign
  2:65215  warning  Expected a conditional expression and instead saw an assignment            no-cond-assign
  2:66958  warning  Expected a conditional expression and instead saw an assignment            no-cond-assign
  2:67024  warning  Expected a conditional expression and instead saw an assignment            no-cond-assign
  2:67328  warning  Expected a conditional expression and instead saw an assignment            no-cond-assign
  2:67394  warning  Expected a conditional expression and instead saw an assignment            no-cond-assign
  2:67801  warning  Expected a conditional expression and instead saw an assignment            no-cond-assign
  2:68078  warning  Expected a conditional expression and instead saw an assignment            no-cond-assign
  2:73449  warning  Expected a conditional expression and instead saw an assignment            no-cond-assign
  2:75043  warning  Expected a conditional expression and instead saw an assignment            no-cond-assign
  2:75823  warning  'r.href' is assigned to itself                                             no-self-assign
  2:80414  warning  Empty block statement                                                      no-empty
  2:83525  warning  Expected a conditional expression and instead saw an assignment            no-cond-assign
  2:87869  warning  'define' is not defined                                                    no-undef
  2:87881  warning  'define' is not defined                                                    no-undef

/home/runner/work/exp-planck-constant-iitk/exp-planck-constant-iitk/experiment/simulation/js/popper.min.js
  4:72     warning  'module' is not defined           no-undef
  4:118    warning  'define' is not defined           no-undef
  4:129    warning  'define' is not defined           no-undef
  4:2812   warning  Empty block statement             no-empty
  4:10441  warning  Unnecessary escape character: \-  no-useless-escape
  4:10884  warning  Unnecessary escape character: \-  no-useless-escape
  4:14603  warning  'global' is not defined           no-undef

✖ 615 problems (0 errors, 615 warnings)

